{"commitInfo":{"timestamp":1716565255527,"operation":"WRITE","operationParameters":{"mode":"ErrorIfExists","partitionBy":"[]"},"isolationLevel":"Serializable","isBlindAppend":true,"operationMetrics":{"numFiles":"1","numOutputRows":"2","numOutputBytes":"2162"},"engineInfo":"Apache-Spark/3.5.0 Delta-Lake/3.3.0-SNAPSHOT","txnId":"6fd84d38-5b4e-42c1-ad7d-014b61a85288"}}
{"metaData":{"id":"96c033b1-9789-4c32-9635-2d1e4ab8baf3","format":{"provider":"parquet","options":{}},"schemaString":"{\"type\":\"struct\",\"fields\":[{\"name\":\"decimal_18_3_Key\",\"type\":\"decimal(18,3)\",\"nullable\":true,\"metadata\":{}},{\"name\":\"decimal_18_3_Value\",\"type\":\"decimal(18,3)\",\"nullable\":true,\"metadata\":{}},{\"name\":\"decimal_28_3_Key\",\"type\":\"decimal(28,3)\",\"nullable\":true,\"metadata\":{}},{\"name\":\"decimal_28_3_Value\",\"type\":\"decimal(28,3)\",\"nullable\":true,\"metadata\":{}},{\"name\":\"decimal_38_3_Key\",\"type\":\"decimal(38,3)\",\"nullable\":true,\"metadata\":{}},{\"name\":\"decimal_38_3_Value\",\"type\":\"decimal(38,3)\",\"nullable\":true,\"metadata\":{}}]}","partitionColumns":[],"configuration":{},"createdTime":1716565253908}}
{"protocol":{"minReaderVersion":1,"minWriterVersion":2}}
{"add":{"path":"part-00000-b3ead9f0-5673-482d-95d3-cfbd379943c3-c000.snappy.parquet","partitionValues":{},"size":2162,"modificationTime":1716565255468,"dataChange":true,"stats":"{\"numRecords\":2,\"minValues\":{\"decimal_18_3_Key\":12345678.009,\"decimal_18_3_Value\":-12345678901234.568,\"decimal_28_3_Key\":-123456780000.123,\"decimal_28_3_Value\":-12345678901200123.456,\"decimal_38_3_Key\":12345678901000.123,\"decimal_38_3_Value\":12345678901000.123},\"maxValues\":{\"decimal_18_3_Key\":12345678901234.568,\"decimal_18_3_Value\":12345678.009,\"decimal_28_3_Key\":12345678901200123.456,\"decimal_28_3_Value\":123445680000.123,\"decimal_38_3_Key\":321245678901200000001.456,\"decimal_38_3_Value\":32124567890120000000.456},\"nullCount\":{\"decimal_18_3_Key\":0,\"decimal_18_3_Value\":0,\"decimal_28_3_Key\":0,\"decimal_28_3_Value\":0,\"decimal_38_3_Key\":0,\"decimal_38_3_Value\":0}}"}}
